Startpoint: core.CPU_imm_a3[30]$_DFF_P_
            (rising edge-triggered flip-flop clocked by clk)
Endpoint: core.CPU_Xreg_value_a4[11][21]$_SDFFE_PP0P_
          (rising edge-triggered flip-flop clocked by clk)
Path Group: clk
Path Type: max

      Cap      Slew     Delay      Time   Description
-------------------------------------------------------------------------------
             0.0000    0.0000    0.0000   clock clk (rise edge)
                       0.0000    0.0000   clock network delay (ideal)
             0.0000    0.0000    0.0000 ^ core.CPU_imm_a3[30]$_DFF_P_/CLK (sky130_fd_sc_hd__dfxtp_1)
   0.0794    0.5554    0.5427    0.5427 ^ core.CPU_imm_a3[30]$_DFF_P_/Q (sky130_fd_sc_hd__dfxtp_1)
             0.5554    0.0000    0.5427 ^ _10818_/A (sky130_fd_sc_hd__ha_1)
   0.0154    0.0760    0.2107    0.7534 v _10818_/SUM (sky130_fd_sc_hd__ha_1)
             0.0760    0.0000    0.7534 v _07561_/A1 (sky130_fd_sc_hd__a21oi_1)
   0.0066    0.1322    0.1350    0.8883 ^ _07561_/Y (sky130_fd_sc_hd__a21oi_1)
             0.1322    0.0000    0.8883 ^ _07562_/B (sky130_fd_sc_hd__nand2_1)
   0.0042    0.0507    0.0449    0.9333 v _07562_/Y (sky130_fd_sc_hd__nand2_1)
             0.0507    0.0000    0.9333 v _07574_/A1 (sky130_fd_sc_hd__o31ai_2)
   0.0137    0.2569    0.2582    1.1915 ^ _07574_/Y (sky130_fd_sc_hd__o31ai_2)
             0.2569    0.0000    1.1915 ^ _08001_/A1 (sky130_fd_sc_hd__o21ai_0)
   0.0067    0.0937    0.1111    1.3026 v _08001_/Y (sky130_fd_sc_hd__o21ai_0)
             0.0937    0.0000    1.3026 v _08081_/A3 (sky130_fd_sc_hd__a31oi_1)
   0.0046    0.1210    0.1502    1.4527 ^ _08081_/Y (sky130_fd_sc_hd__a31oi_1)
             0.1210    0.0000    1.4527 ^ _08082_/B (sky130_fd_sc_hd__xnor2_1)
   0.0045    0.0426    0.0522    1.5049 v _08082_/Y (sky130_fd_sc_hd__xnor2_1)
             0.0426    0.0000    1.5049 v _08089_/A2 (sky130_fd_sc_hd__a221o_1)
   0.0022    0.0315    0.1755    1.6804 v _08089_/X (sky130_fd_sc_hd__a221o_1)
             0.0315    0.0000    1.6804 v _08108_/A2 (sky130_fd_sc_hd__a21o_1)
   0.0062    0.0348    0.1214    1.8019 v _08108_/X (sky130_fd_sc_hd__a21o_1)
             0.0348    0.0000    1.8019 v _08111_/A2 (sky130_fd_sc_hd__o21ai_0)
   0.0115    0.2597    0.2133    2.0152 ^ _08111_/Y (sky130_fd_sc_hd__o21ai_0)
             0.2597    0.0000    2.0152 ^ _08112_/A (sky130_fd_sc_hd__clkbuf_1)
   0.0111    0.1049    0.1087    2.1239 ^ _08112_/X (sky130_fd_sc_hd__clkbuf_1)
             0.1049    0.0000    2.1239 ^ _08737_/A1 (sky130_fd_sc_hd__o21ai_0)
   0.0018    0.0435    0.0549    2.1787 v _08737_/Y (sky130_fd_sc_hd__o21ai_0)
             0.0435    0.0000    2.1787 v core.CPU_Xreg_value_a4[11][21]$_SDFFE_PP0P_/D (sky130_fd_sc_hd__dfxtp_1)
                                 2.1787   data arrival time

             0.0000   11.0000   11.0000   clock clk (rise edge)
                       0.0000   11.0000   clock network delay (ideal)
                       0.0000   11.0000   clock reconvergence pessimism
                                11.0000 ^ core.CPU_Xreg_value_a4[11][21]$_SDFFE_PP0P_/CLK (sky130_fd_sc_hd__dfxtp_1)
                      -0.0772   10.9228   library setup time
                                10.9228   data required time
-------------------------------------------------------------------------------
                                10.9228   data required time
                                -2.1787   data arrival time
-------------------------------------------------------------------------------
                                 8.7441   slack (MET)


